#
# There is insufficient memory for the Java Runtime Environment to continue.
# Native memory allocation (malloc) failed to allocate 277920 bytes for Chunk::new
# Possible reasons:
#   The system is out of physical RAM or swap space
#   The process is running with CompressedOops enabled, and the Java Heap may be blocking the growth of the native heap
# Possible solutions:
#   Reduce memory load on the system
#   Increase physical memory or swap space
#   Check if swap backing store is full
#   Decrease Java heap size (-Xmx/-Xms)
#   Decrease number of Java threads
#   Decrease Java thread stack sizes (-Xss)
#   Set larger code cache with -XX:ReservedCodeCacheSize=
#   JVM is running with Zero Based Compressed Oops mode in which the Java heap is
#     placed in the first 32GB address space. The Java Heap base address is the
#     maximum limit for the native heap growth. Please use -XX:HeapBaseMinAddress
#     to set the Java Heap base and to place the Java Heap above 32GB virtual address.
# This output file may be truncated or incomplete.
#
#  Out of Memory Error (arena.cpp:189), pid=14552, tid=12744
#
# JRE version: OpenJDK Runtime Environment (17.0.6) (build 17.0.6+0-b2043.56-10027231)
# Java VM: OpenJDK 64-Bit Server VM (17.0.6+0-b2043.56-10027231, mixed mode, tiered, compressed oops, compressed class ptrs, g1 gc, windows-amd64)
# No core dump will be written. Minidumps are not enabled by default on client versions of Windows
#

---------------  S U M M A R Y ------------

Command Line: --add-opens=java.base/java.util=ALL-UNNAMED --add-opens=java.base/java.lang=ALL-UNNAMED --add-opens=java.base/java.lang.invoke=ALL-UNNAMED --add-opens=java.base/java.util=ALL-UNNAMED --add-opens=java.prefs/java.util.prefs=ALL-UNNAMED --add-opens=java.prefs/java.util.prefs=ALL-UNNAMED --add-opens=java.base/java.nio.charset=ALL-UNNAMED --add-opens=java.base/java.net=ALL-UNNAMED --add-opens=java.base/java.util.concurrent.atomic=ALL-UNNAMED -Xmx4G -Dfile.encoding=windows-1252 -Duser.country=DE -Duser.language=de -Duser.variant org.gradle.launcher.daemon.bootstrap.GradleDaemon 7.5

Host: Intel(R) Core(TM) i5-6600 CPU @ 3.30GHz, 4 cores, 15G,  Windows 10 , 64 bit Build 19041 (10.0.19041.3636)
Time: Sun Oct  6 22:55:25 2024 Mitteleuropäische Sommerzeit elapsed time: 27.114932 seconds (0d 0h 0m 27s)

---------------  T H R E A D  ---------------

Current thread (0x00000232ecc2a6d0):  JavaThread "C2 CompilerThread1" daemon [_thread_in_native, id=12744, stack(0x000000f680100000,0x000000f680200000)]


Current CompileTask:
C2:  27115 10590       4       org.gradle.internal.logging.text.AbstractLineChoppingStyledTextOutput::doAppend (43 bytes)

Stack: [0x000000f680100000,0x000000f680200000]
Native frames: (J=compiled Java code, j=interpreted, Vv=VM code, C=native code)
V  [jvm.dll+0x683c9a]
V  [jvm.dll+0x8427a4]
V  [jvm.dll+0x843f9e]
V  [jvm.dll+0x844603]
V  [jvm.dll+0x249b75]
V  [jvm.dll+0xabcac]
V  [jvm.dll+0xac27c]
V  [jvm.dll+0x368857]
V  [jvm.dll+0x1bcb65]
V  [jvm.dll+0x21c359]
V  [jvm.dll+0x21b621]
V  [jvm.dll+0x1a4fdd]
V  [jvm.dll+0x22b098]
V  [jvm.dll+0x229159]
V  [jvm.dll+0x7f81ec]
V  [jvm.dll+0x7f274a]
V  [jvm.dll+0x682ad5]
C  [ucrtbase.dll+0x21bb2]
C  [KERNEL32.DLL+0x17344]
C  [ntdll.dll+0x526b1]


---------------  P R O C E S S  ---------------

Threads class SMR info:
_java_thread_list=0x00000232ecf91410, length=92, elements={
0x00000232ca2dd8c0, 0x00000232e9029770, 0x00000232e902a4f0, 0x00000232e84db400,
0x00000232e90794d0, 0x00000232e9079d90, 0x00000232e907a650, 0x00000232e907b240,
0x00000232e907bb40, 0x00000232e90ed760, 0x00000232e9217ff0, 0x00000232e920c0e0,
0x00000232ea8d5c50, 0x00000232eab34b50, 0x00000232ec37a9a0, 0x00000232ec363cd0,
0x00000232ea7e6830, 0x00000232eb858a50, 0x00000232eab063f0, 0x00000232ea93ed40,
0x00000232ea93e870, 0x00000232ea93da00, 0x00000232ea93f210, 0x00000232ea93ded0,
0x00000232ea940550, 0x00000232ea93f6e0, 0x00000232ea93d530, 0x00000232ea93fbb0,
0x00000232ea93e3a0, 0x00000232ea940080, 0x00000232ea93d060, 0x00000232ecbd57b0,
0x00000232ecbd3130, 0x00000232ecbd9640, 0x00000232ecbd7960, 0x00000232ecbd8ca0,
0x00000232ecbd6620, 0x00000232ecbd6fc0, 0x00000232ecbd3600, 0x00000232ecbd6af0,
0x00000232ecbd7490, 0x00000232ecbd9170, 0x00000232ecbd22c0, 0x00000232ecbd2790,
0x00000232ecbd4470, 0x00000232ecbd2c60, 0x00000232ecbd4940, 0x00000232ec5f33c0,
0x00000232ec5f50a0, 0x00000232ec5f7720, 0x00000232ec5f8a60, 0x00000232ec5f7bf0,
0x00000232ec5f80c0, 0x00000232ec5f3890, 0x00000232ec5f3d60, 0x00000232ec5f9da0,
0x00000232ec5f5a40, 0x00000232ec5f8590, 0x00000232ec5f5570, 0x00000232ec5f8f30,
0x00000232ec5f68b0, 0x00000232ec5f5f10, 0x00000232ec5f9400, 0x00000232ec5f2a20,
0x00000232ec5f63e0, 0x00000232ec5f6d80, 0x00000232ec5f98d0, 0x00000232ec5f4700,
0x00000232ec5f7250, 0x00000232ec5f4bd0, 0x00000232ec5f2ef0, 0x00000232ec5f4230,
0x00000232ec45c8f0, 0x00000232ec4598d0, 0x00000232ec457250, 0x00000232ec457bf0,
0x00000232ec45ac10, 0x00000232ec45bf50, 0x00000232ec459da0, 0x00000232ec45b0e0,
0x00000232ec45c420, 0x00000232ec45a740, 0x00000232ec45cdc0, 0x00000232ec45a270,
0x00000232ec45d760, 0x00000232ec45b5b0, 0x00000232ec45dc30, 0x00000232ec458f30,
0x00000232ec459400, 0x00000232f4188a50, 0x00000232f41868a0, 0x00000232ecc2a6d0
}

Java Threads: ( => current thread )
  0x00000232ca2dd8c0 JavaThread "main" [_thread_blocked, id=17540, stack(0x000000f6fde00000,0x000000f6fdf00000)]
  0x00000232e9029770 JavaThread "Reference Handler" daemon [_thread_blocked, id=16740, stack(0x000000f6fe500000,0x000000f6fe600000)]
  0x00000232e902a4f0 JavaThread "Finalizer" daemon [_thread_blocked, id=9136, stack(0x000000f6fe600000,0x000000f6fe700000)]
  0x00000232e84db400 JavaThread "Signal Dispatcher" daemon [_thread_blocked, id=8236, stack(0x000000f6fe700000,0x000000f6fe800000)]
  0x00000232e90794d0 JavaThread "Attach Listener" daemon [_thread_blocked, id=9324, stack(0x000000f6fe800000,0x000000f6fe900000)]
  0x00000232e9079d90 JavaThread "Service Thread" daemon [_thread_blocked, id=6612, stack(0x000000f6fe900000,0x000000f6fea00000)]
  0x00000232e907a650 JavaThread "Monitor Deflation Thread" daemon [_thread_blocked, id=8968, stack(0x000000f6fea00000,0x000000f6feb00000)]
  0x00000232e907b240 JavaThread "C2 CompilerThread0" daemon [_thread_blocked, id=11292, stack(0x000000f6feb00000,0x000000f6fec00000)]
  0x00000232e907bb40 JavaThread "C1 CompilerThread0" daemon [_thread_blocked, id=9808, stack(0x000000f6fec00000,0x000000f6fed00000)]
  0x00000232e90ed760 JavaThread "Sweeper thread" daemon [_thread_blocked, id=8880, stack(0x000000f6fed00000,0x000000f6fee00000)]
  0x00000232e9217ff0 JavaThread "Common-Cleaner" daemon [_thread_blocked, id=7692, stack(0x000000f6fee00000,0x000000f6fef00000)]
  0x00000232e920c0e0 JavaThread "Notification Thread" daemon [_thread_blocked, id=18164, stack(0x000000f6fef00000,0x000000f6ff000000)]
  0x00000232ea8d5c50 JavaThread "Daemon health stats" [_thread_blocked, id=11588, stack(0x000000f6ff500000,0x000000f6ff600000)]
  0x00000232eab34b50 JavaThread "Incoming local TCP Connector on port 61031" [_thread_in_native, id=4356, stack(0x000000f6ff100000,0x000000f6ff200000)]
  0x00000232ec37a9a0 JavaThread "Daemon periodic checks" [_thread_blocked, id=12336, stack(0x000000f6ff600000,0x000000f6ff700000)]
  0x00000232ec363cd0 JavaThread "Daemon" [_thread_blocked, id=10084, stack(0x000000f6ff700000,0x000000f6ff800000)]
  0x00000232ea7e6830 JavaThread "Handler for socket connection from /127.0.0.1:61031 to /127.0.0.1:61032" [_thread_in_native, id=5528, stack(0x000000f6ff800000,0x000000f6ff900000)]
  0x00000232eb858a50 JavaThread "Cancel handler" [_thread_blocked, id=5496, stack(0x000000f6ff900000,0x000000f6ffa00000)]
  0x00000232eab063f0 JavaThread "Daemon worker" [_thread_blocked, id=8760, stack(0x000000f6ffa00000,0x000000f6ffb00000)]
  0x00000232ea93ed40 JavaThread "Asynchronous log dispatcher for DefaultDaemonConnection: socket connection from /127.0.0.1:61031 to /127.0.0.1:61032" [_thread_blocked, id=9004, stack(0x000000f6ffb00000,0x000000f6ffc00000)]
  0x00000232ea93e870 JavaThread "Stdin handler" [_thread_blocked, id=3452, stack(0x000000f6ffc00000,0x000000f6ffd00000)]
  0x00000232ea93da00 JavaThread "Daemon client event forwarder" [_thread_blocked, id=14244, stack(0x000000f6ffd00000,0x000000f6ffe00000)]
  0x00000232ea93f210 JavaThread "Cache worker for journal cache (C:\Users\Thomas Werner\.gradle\caches\journal-1)" [_thread_blocked, id=7432, stack(0x000000f6ffe00000,0x000000f6fff00000)]
  0x00000232ea93ded0 JavaThread "File lock request listener" [_thread_in_native, id=14000, stack(0x000000f6fff00000,0x000000f700000000)]
  0x00000232ea940550 JavaThread "Cache worker for file hash cache (C:\Users\Thomas Werner\.gradle\caches\7.5\fileHashes)" [_thread_blocked, id=11556, stack(0x000000f680000000,0x000000f680100000)]
  0x00000232ea93f6e0 JavaThread "File watcher server" daemon [_thread_in_native, id=18976, stack(0x000000f680200000,0x000000f680300000)]
  0x00000232ea93d530 JavaThread "File watcher consumer" daemon [_thread_blocked, id=6728, stack(0x000000f680300000,0x000000f680400000)]
  0x00000232ea93fbb0 JavaThread "Cache worker for checksums cache (D:\Programmieren\weatherlight_db_update\android\.gradle\7.5\checksums)" [_thread_blocked, id=7608, stack(0x000000f680400000,0x000000f680500000)]
  0x00000232ea93e3a0 JavaThread "Cache worker for cache directory md-rule (C:\Users\Thomas Werner\.gradle\caches\7.5\md-rule)" [_thread_blocked, id=17532, stack(0x000000f680500000,0x000000f680600000)]
  0x00000232ea940080 JavaThread "Cache worker for file content cache (C:\Users\Thomas Werner\.gradle\caches\7.5\fileContent)" [_thread_blocked, id=1052, stack(0x000000f680600000,0x000000f680700000)]
  0x00000232ea93d060 JavaThread "Cache worker for file hash cache (D:\Programmieren\weatherlight_db_update\android\.gradle\7.5\fileHashes)" [_thread_blocked, id=10964, stack(0x000000f680700000,0x000000f680800000)]
  0x00000232ecbd57b0 JavaThread "Cache worker for cache directory md-supplier (C:\Users\Thomas Werner\.gradle\caches\7.5\md-supplier)" [_thread_blocked, id=16388, stack(0x000000f680800000,0x000000f680900000)]
  0x00000232ecbd3130 JavaThread "Cache worker for execution history cache (C:\Users\Thomas Werner\.gradle\caches\7.5\executionHistory)" [_thread_blocked, id=7980, stack(0x000000f680900000,0x000000f680a00000)]
  0x00000232ecbd9640 JavaThread "jar transforms" [_thread_blocked, id=13504, stack(0x000000f680b00000,0x000000f680c00000)]
  0x00000232ecbd7960 JavaThread "Cache worker for kotlin-dsl (C:\Users\Thomas Werner\.gradle\caches\7.5\kotlin-dsl)" [_thread_blocked, id=6484, stack(0x000000f680c00000,0x000000f680d00000)]
  0x00000232ecbd8ca0 JavaThread "jar transforms Thread 2" [_thread_blocked, id=10248, stack(0x000000f680d00000,0x000000f680e00000)]
  0x00000232ecbd6620 JavaThread "Cache worker for dependencies-accessors (D:\Programmieren\weatherlight_db_update\android\.gradle\7.5\dependencies-accessors)" [_thread_blocked, id=13460, stack(0x000000f680e00000,0x000000f680f00000)]
  0x00000232ecbd6fc0 JavaThread "Cache worker for Build Output Cleanup Cache (D:\Programmieren\flutter_tools\flutter\packages\flutter_tools\gradle\.gradle\buildOutputCleanup)" [_thread_blocked, id=10012, stack(0x000000f680f00000,0x000000f681000000)]
  0x00000232ecbd3600 JavaThread "jar transforms Thread 3" [_thread_blocked, id=10400, stack(0x000000f681000000,0x000000f681100000)]
  0x00000232ecbd6af0 JavaThread "Memory manager" [_thread_blocked, id=5668, stack(0x000000f681100000,0x000000f681200000)]
  0x00000232ecbd7490 JavaThread "jar transforms Thread 4" [_thread_blocked, id=4164, stack(0x000000f681200000,0x000000f681300000)]
  0x00000232ecbd9170 JavaThread "included builds" [_thread_blocked, id=12416, stack(0x000000f681300000,0x000000f681400000)]
  0x00000232ecbd22c0 JavaThread "Execution worker" [_thread_blocked, id=18344, stack(0x000000f681400000,0x000000f681500000)]
  0x00000232ecbd2790 JavaThread "Execution worker Thread 2" [_thread_blocked, id=17568, stack(0x000000f681500000,0x000000f681600000)]
  0x00000232ecbd4470 JavaThread "Execution worker Thread 3" [_thread_blocked, id=11452, stack(0x000000f681600000,0x000000f681700000)]
  0x00000232ecbd2c60 JavaThread "Cache worker for execution history cache (D:\Programmieren\flutter_tools\flutter\packages\flutter_tools\gradle\.gradle\7.5\executionHistory)" [_thread_blocked, id=10516, stack(0x000000f681700000,0x000000f681800000)]
  0x00000232ecbd4940 JavaThread "Unconstrained build operations" [_thread_blocked, id=1652, stack(0x000000f681800000,0x000000f681900000)]
  0x00000232ec5f33c0 JavaThread "Unconstrained build operations Thread 2" [_thread_blocked, id=6452, stack(0x000000f681900000,0x000000f681a00000)]
  0x00000232ec5f50a0 JavaThread "Unconstrained build operations Thread 3" [_thread_blocked, id=11288, stack(0x000000f681a00000,0x000000f681b00000)]
  0x00000232ec5f7720 JavaThread "Unconstrained build operations Thread 4" [_thread_blocked, id=8492, stack(0x000000f681b00000,0x000000f681c00000)]
  0x00000232ec5f8a60 JavaThread "Unconstrained build operations Thread 5" [_thread_blocked, id=10120, stack(0x000000f681c00000,0x000000f681d00000)]
  0x00000232ec5f7bf0 JavaThread "Unconstrained build operations Thread 6" [_thread_blocked, id=13068, stack(0x000000f681d00000,0x000000f681e00000)]
  0x00000232ec5f80c0 JavaThread "Unconstrained build operations Thread 7" [_thread_blocked, id=13996, stack(0x000000f681e00000,0x000000f681f00000)]
  0x00000232ec5f3890 JavaThread "Unconstrained build operations Thread 8" [_thread_blocked, id=16532, stack(0x000000f681f00000,0x000000f682000000)]
  0x00000232ec5f3d60 JavaThread "Unconstrained build operations Thread 9" [_thread_blocked, id=13416, stack(0x000000f682000000,0x000000f682100000)]
  0x00000232ec5f9da0 JavaThread "Unconstrained build operations Thread 10" [_thread_blocked, id=17804, stack(0x000000f682100000,0x000000f682200000)]
  0x00000232ec5f5a40 JavaThread "Unconstrained build operations Thread 11" [_thread_blocked, id=13644, stack(0x000000f682300000,0x000000f682400000)]
  0x00000232ec5f8590 JavaThread "Unconstrained build operations Thread 12" [_thread_blocked, id=18108, stack(0x000000f682400000,0x000000f682500000)]
  0x00000232ec5f5570 JavaThread "Unconstrained build operations Thread 13" [_thread_blocked, id=11484, stack(0x000000f682500000,0x000000f682600000)]
  0x00000232ec5f8f30 JavaThread "Unconstrained build operations Thread 14" [_thread_blocked, id=12208, stack(0x000000f682600000,0x000000f682700000)]
  0x00000232ec5f68b0 JavaThread "Unconstrained build operations Thread 15" [_thread_blocked, id=19112, stack(0x000000f682700000,0x000000f682800000)]
  0x00000232ec5f5f10 JavaThread "Unconstrained build operations Thread 16" [_thread_blocked, id=8344, stack(0x000000f682800000,0x000000f682900000)]
  0x00000232ec5f9400 JavaThread "Unconstrained build operations Thread 17" [_thread_blocked, id=14996, stack(0x000000f682900000,0x000000f682a00000)]
  0x00000232ec5f2a20 JavaThread "Unconstrained build operations Thread 18" [_thread_blocked, id=12116, stack(0x000000f682a00000,0x000000f682b00000)]
  0x00000232ec5f63e0 JavaThread "Unconstrained build operations Thread 19" [_thread_blocked, id=12892, stack(0x000000f682b00000,0x000000f682c00000)]
  0x00000232ec5f6d80 JavaThread "Unconstrained build operations Thread 20" [_thread_blocked, id=10364, stack(0x000000f682c00000,0x000000f682d00000)]
  0x00000232ec5f98d0 JavaThread "Unconstrained build operations Thread 21" [_thread_blocked, id=15652, stack(0x000000f682d00000,0x000000f682e00000)]
  0x00000232ec5f4700 JavaThread "Unconstrained build operations Thread 22" [_thread_blocked, id=19088, stack(0x000000f682e00000,0x000000f682f00000)]
  0x00000232ec5f7250 JavaThread "Unconstrained build operations Thread 23" [_thread_blocked, id=852, stack(0x000000f682f00000,0x000000f683000000)]
  0x00000232ec5f4bd0 JavaThread "Unconstrained build operations Thread 24" [_thread_blocked, id=10792, stack(0x000000f683000000,0x000000f683100000)]
  0x00000232ec5f2ef0 JavaThread "Unconstrained build operations Thread 25" [_thread_blocked, id=7916, stack(0x000000f683100000,0x000000f683200000)]
  0x00000232ec5f4230 JavaThread "Unconstrained build operations Thread 26" [_thread_blocked, id=1080, stack(0x000000f683200000,0x000000f683300000)]
  0x00000232ec45c8f0 JavaThread "Unconstrained build operations Thread 27" [_thread_blocked, id=14624, stack(0x000000f683300000,0x000000f683400000)]
  0x00000232ec4598d0 JavaThread "Unconstrained build operations Thread 28" [_thread_blocked, id=11468, stack(0x000000f683400000,0x000000f683500000)]
  0x00000232ec457250 JavaThread "Unconstrained build operations Thread 29" [_thread_blocked, id=3692, stack(0x000000f683500000,0x000000f683600000)]
  0x00000232ec457bf0 JavaThread "Unconstrained build operations Thread 30" [_thread_blocked, id=14892, stack(0x000000f683600000,0x000000f683700000)]
  0x00000232ec45ac10 JavaThread "Unconstrained build operations Thread 31" [_thread_blocked, id=7544, stack(0x000000f683700000,0x000000f683800000)]
  0x00000232ec45bf50 JavaThread "Unconstrained build operations Thread 32" [_thread_blocked, id=7236, stack(0x000000f683800000,0x000000f683900000)]
  0x00000232ec459da0 JavaThread "Unconstrained build operations Thread 33" [_thread_blocked, id=8536, stack(0x000000f683900000,0x000000f683a00000)]
  0x00000232ec45b0e0 JavaThread "Unconstrained build operations Thread 34" [_thread_blocked, id=17248, stack(0x000000f683a00000,0x000000f683b00000)]
  0x00000232ec45c420 JavaThread "Unconstrained build operations Thread 35" [_thread_blocked, id=13088, stack(0x000000f683b00000,0x000000f683c00000)]
  0x00000232ec45a740 JavaThread "Unconstrained build operations Thread 36" [_thread_blocked, id=2036, stack(0x000000f683c00000,0x000000f683d00000)]
  0x00000232ec45cdc0 JavaThread "Unconstrained build operations Thread 37" [_thread_blocked, id=14188, stack(0x000000f683d00000,0x000000f683e00000)]
  0x00000232ec45a270 JavaThread "Unconstrained build operations Thread 38" [_thread_blocked, id=6312, stack(0x000000f683e00000,0x000000f683f00000)]
  0x00000232ec45d760 JavaThread "Unconstrained build operations Thread 39" [_thread_blocked, id=18640, stack(0x000000f683f00000,0x000000f684000000)]
  0x00000232ec45b5b0 JavaThread "Unconstrained build operations Thread 40" [_thread_blocked, id=8436, stack(0x000000f684000000,0x000000f684100000)]
  0x00000232ec45dc30 JavaThread "Cache worker for Build Output Cleanup Cache (D:\Programmieren\weatherlight_db_update\android\.gradle\buildOutputCleanup)" [_thread_blocked, id=18192, stack(0x000000f684100000,0x000000f684200000)]
  0x00000232ec458f30 JavaThread "Cache worker for execution history cache (D:\Programmieren\weatherlight_db_update\android\.gradle\7.5\executionHistory)" [_thread_blocked, id=11372, stack(0x000000f684200000,0x000000f684300000)]
  0x00000232ec459400 JavaThread "Exec process" [_thread_in_native, id=13828, stack(0x000000f684300000,0x000000f684400000)]
  0x00000232f4188a50 JavaThread "Exec process Thread 2" [_thread_in_native, id=15236, stack(0x000000f684400000,0x000000f684500000)]
  0x00000232f41868a0 JavaThread "Exec process Thread 3" [_thread_in_native, id=2692, stack(0x000000f684500000,0x000000f684600000)]
=>0x00000232ecc2a6d0 JavaThread "C2 CompilerThread1" daemon [_thread_in_native, id=12744, stack(0x000000f680100000,0x000000f680200000)]

Other Threads:
  0x00000232e84aec50 VMThread "VM Thread" [stack: 0x000000f6fe400000,0x000000f6fe500000] [id=16648]
  0x00000232e8484ca0 WatcherThread [stack: 0x000000f6ff000000,0x000000f6ff100000] [id=1172]
  0x00000232ca34d590 GCTaskThread "GC Thread#0" [stack: 0x000000f6fdf00000,0x000000f6fe000000] [id=19092]
  0x00000232e92bc010 GCTaskThread "GC Thread#1" [stack: 0x000000f6ff200000,0x000000f6ff300000] [id=14224]
  0x00000232e92bc2c0 GCTaskThread "GC Thread#2" [stack: 0x000000f6ff300000,0x000000f6ff400000] [id=14756]
  0x00000232e931a900 GCTaskThread "GC Thread#3" [stack: 0x000000f6ff400000,0x000000f6ff500000] [id=10200]
  0x00000232ca35e3e0 ConcurrentGCThread "G1 Main Marker" [stack: 0x000000f6fe000000,0x000000f6fe100000] [id=16876]
  0x00000232ca35ed00 ConcurrentGCThread "G1 Conc#0" [stack: 0x000000f6fe100000,0x000000f6fe200000] [id=5784]
  0x00000232ca3a0880 ConcurrentGCThread "G1 Refine#0" [stack: 0x000000f6fe200000,0x000000f6fe300000] [id=10568]
  0x00000232ec6d16b0 ConcurrentGCThread "G1 Refine#1" [stack: 0x000000f680a00000,0x000000f680b00000] [id=14400]
  0x00000232e8362330 ConcurrentGCThread "G1 Service" [stack: 0x000000f6fe300000,0x000000f6fe400000] [id=14948]

Threads with active compile tasks:
C2 CompilerThread1    27147 10590       4       org.gradle.internal.logging.text.AbstractLineChoppingStyledTextOutput::doAppend (43 bytes)

VM state: not at safepoint (normal execution)

VM Mutex/Monitor currently owned by a thread: None

Heap address: 0x0000000700000000, size: 4096 MB, Compressed Oops mode: Zero based, Oop shift amount: 3

CDS archive(s) not mapped
Compressed class space mapped at: 0x0000000800000000-0x0000000840000000, reserved size: 1073741824
Narrow klass base: 0x0000000800000000, Narrow klass shift: 0, Narrow klass range: 0x40000000

GC Precious Log:
 CPUs: 4 total, 4 available
 Memory: 16314M
 Large Page Support: Disabled
 NUMA Support: Disabled
 Compressed Oops: Enabled (Zero based)
 Heap Region Size: 2M
 Heap Min Capacity: 8M
 Heap Initial Capacity: 256M
 Heap Max Capacity: 4G
 Pre-touch: Disabled
 Parallel Workers: 4
 Concurrent Workers: 1
 Concurrent Refinement Workers: 4
 Periodic GC: Disabled

Heap:
 garbage-first heap   total 196608K, used 125299K [0x0000000700000000, 0x0000000800000000)
  region size 2048K, 20 young (40960K), 4 survivors (8192K)
 Metaspace       used 100887K, committed 101632K, reserved 1138688K
  class space    used 13875K, committed 14208K, reserved 1048576K

Heap Regions: E=young(eden), S=young(survivor), O=old, HS=humongous(starts), HC=humongous(continues), CS=collection set, F=free, OA=open archive, CA=closed archive, TAMS=top-at-mark-start (previous, next)
|   0|0x0000000700000000, 0x0000000700200000, 0x0000000700200000|100%|HS|  |TAMS 0x0000000700200000, 0x0000000700000000| Complete 
|   1|0x0000000700200000, 0x0000000700400000, 0x0000000700400000|100%|HC|  |TAMS 0x0000000700400000, 0x0000000700200000| Complete 
|   2|0x0000000700400000, 0x0000000700600000, 0x0000000700600000|100%| O|  |TAMS 0x0000000700600000, 0x0000000700400000| Untracked 
|   3|0x0000000700600000, 0x00000007007d8600, 0x0000000700800000| 92%| O|  |TAMS 0x00000007007d8600, 0x0000000700600000| Untracked 
|   4|0x0000000700800000, 0x0000000700a00000, 0x0000000700a00000|100%| O|  |TAMS 0x0000000700a00000, 0x0000000700800000| Untracked 
|   5|0x0000000700a00000, 0x0000000700c00000, 0x0000000700c00000|100%| O|  |TAMS 0x0000000700c00000, 0x0000000700a00000| Untracked 
|   6|0x0000000700c00000, 0x0000000700e00000, 0x0000000700e00000|100%| O|  |TAMS 0x0000000700e00000, 0x0000000700c00000| Untracked 
|   7|0x0000000700e00000, 0x0000000701000000, 0x0000000701000000|100%| O|  |TAMS 0x0000000701000000, 0x0000000700e00000| Untracked 
|   8|0x0000000701000000, 0x0000000701200000, 0x0000000701200000|100%| O|  |TAMS 0x0000000701200000, 0x0000000701000000| Untracked 
|   9|0x0000000701200000, 0x0000000701400000, 0x0000000701400000|100%| O|  |TAMS 0x0000000701400000, 0x0000000701200000| Untracked 
|  10|0x0000000701400000, 0x0000000701600000, 0x0000000701600000|100%| O|  |TAMS 0x0000000701600000, 0x0000000701400000| Untracked 
|  11|0x0000000701600000, 0x0000000701800000, 0x0000000701800000|100%| O|  |TAMS 0x0000000701800000, 0x0000000701600000| Untracked 
|  12|0x0000000701800000, 0x0000000701a00000, 0x0000000701a00000|100%| O|  |TAMS 0x0000000701a00000, 0x0000000701800000| Untracked 
|  13|0x0000000701a00000, 0x0000000701c00000, 0x0000000701c00000|100%| O|  |TAMS 0x0000000701c00000, 0x0000000701a00000| Untracked 
|  14|0x0000000701c00000, 0x0000000701e00000, 0x0000000701e00000|100%| O|  |TAMS 0x0000000701e00000, 0x0000000701c00000| Untracked 
|  15|0x0000000701e00000, 0x0000000702000000, 0x0000000702000000|100%| O|  |TAMS 0x0000000702000000, 0x0000000701e00000| Untracked 
|  16|0x0000000702000000, 0x0000000702200000, 0x0000000702200000|100%| O|  |TAMS 0x0000000702200000, 0x0000000702000000| Untracked 
|  17|0x0000000702200000, 0x0000000702400000, 0x0000000702400000|100%| O|  |TAMS 0x0000000702400000, 0x0000000702200000| Untracked 
|  18|0x0000000702400000, 0x0000000702600000, 0x0000000702600000|100%| O|  |TAMS 0x0000000702600000, 0x0000000702400000| Untracked 
|  19|0x0000000702600000, 0x0000000702800000, 0x0000000702800000|100%| O|  |TAMS 0x0000000702800000, 0x0000000702600000| Untracked 
|  20|0x0000000702800000, 0x0000000702a00000, 0x0000000702a00000|100%| O|  |TAMS 0x0000000702a00000, 0x0000000702800000| Untracked 
|  21|0x0000000702a00000, 0x0000000702c00000, 0x0000000702c00000|100%| O|  |TAMS 0x0000000702c00000, 0x0000000702a00000| Untracked 
|  22|0x0000000702c00000, 0x0000000702e00000, 0x0000000702e00000|100%| O|  |TAMS 0x0000000702e00000, 0x0000000702c00000| Untracked 
|  23|0x0000000702e00000, 0x0000000703000000, 0x0000000703000000|100%| O|  |TAMS 0x0000000703000000, 0x0000000702e00000| Untracked 
|  24|0x0000000703000000, 0x0000000703200000, 0x0000000703200000|100%|HS|  |TAMS 0x0000000703200000, 0x0000000703000000| Complete 
|  25|0x0000000703200000, 0x0000000703400000, 0x0000000703400000|100%| O|  |TAMS 0x0000000703400000, 0x0000000703200000| Untracked 
|  26|0x0000000703400000, 0x0000000703600000, 0x0000000703600000|100%| O|  |TAMS 0x0000000703600000, 0x0000000703400000| Untracked 
|  27|0x0000000703600000, 0x0000000703800000, 0x0000000703800000|100%|HS|  |TAMS 0x0000000703800000, 0x0000000703600000| Complete 
|  28|0x0000000703800000, 0x0000000703a00000, 0x0000000703a00000|100%|HC|  |TAMS 0x0000000703a00000, 0x0000000703800000| Complete 
|  29|0x0000000703a00000, 0x0000000703c00000, 0x0000000703c00000|100%| O|  |TAMS 0x0000000703c00000, 0x0000000703a00000| Untracked 
|  30|0x0000000703c00000, 0x0000000703e00000, 0x0000000703e00000|100%| O|  |TAMS 0x0000000703e00000, 0x0000000703c00000| Untracked 
|  31|0x0000000703e00000, 0x0000000704000000, 0x0000000704000000|100%| O|  |TAMS 0x0000000704000000, 0x0000000703e00000| Untracked 
|  32|0x0000000704000000, 0x0000000704200000, 0x0000000704200000|100%| O|  |TAMS 0x0000000704200000, 0x0000000704000000| Untracked 
|  33|0x0000000704200000, 0x0000000704400000, 0x0000000704400000|100%| O|  |TAMS 0x0000000704400000, 0x0000000704200000| Untracked 
|  34|0x0000000704400000, 0x0000000704600000, 0x0000000704600000|100%| O|  |TAMS 0x0000000704600000, 0x0000000704400000| Untracked 
|  35|0x0000000704600000, 0x0000000704800000, 0x0000000704800000|100%| O|  |TAMS 0x0000000704800000, 0x0000000704600000| Untracked 
|  36|0x0000000704800000, 0x0000000704a00000, 0x0000000704a00000|100%| O|  |TAMS 0x000000070490a200, 0x0000000704800000| Untracked 
|  37|0x0000000704a00000, 0x0000000704c00000, 0x0000000704c00000|100%| O|  |TAMS 0x0000000704a00000, 0x0000000704a00000| Untracked 
|  38|0x0000000704c00000, 0x0000000704e00000, 0x0000000704e00000|100%| O|  |TAMS 0x0000000704c00000, 0x0000000704c00000| Untracked 
|  39|0x0000000704e00000, 0x0000000705000000, 0x0000000705000000|100%| O|  |TAMS 0x0000000704e00000, 0x0000000704e00000| Untracked 
|  40|0x0000000705000000, 0x0000000705200000, 0x0000000705200000|100%| O|  |TAMS 0x0000000705000000, 0x0000000705000000| Untracked 
|  41|0x0000000705200000, 0x0000000705400000, 0x0000000705400000|100%| O|  |TAMS 0x0000000705200000, 0x0000000705200000| Untracked 
|  42|0x0000000705400000, 0x0000000705600000, 0x0000000705600000|100%| O|  |TAMS 0x0000000705400000, 0x0000000705400000| Untracked 
|  43|0x0000000705600000, 0x000000070573ba00, 0x0000000705800000| 61%| O|  |TAMS 0x0000000705600000, 0x0000000705600000| Untracked 
|  44|0x0000000705800000, 0x0000000705800000, 0x0000000705a00000|  0%| F|  |TAMS 0x0000000705800000, 0x0000000705800000| Untracked 
|  45|0x0000000705a00000, 0x0000000705a00000, 0x0000000705c00000|  0%| F|  |TAMS 0x0000000705a00000, 0x0000000705a00000| Untracked 
|  46|0x0000000705c00000, 0x0000000705c00000, 0x0000000705e00000|  0%| F|  |TAMS 0x0000000705c00000, 0x0000000705c00000| Untracked 
|  47|0x0000000705e00000, 0x0000000705e00000, 0x0000000706000000|  0%| F|  |TAMS 0x0000000705e00000, 0x0000000705e00000| Untracked 
|  48|0x0000000706000000, 0x0000000706000000, 0x0000000706200000|  0%| F|  |TAMS 0x0000000706000000, 0x0000000706000000| Untracked 
|  49|0x0000000706200000, 0x0000000706200000, 0x0000000706400000|  0%| F|  |TAMS 0x0000000706200000, 0x0000000706200000| Untracked 
|  50|0x0000000706400000, 0x0000000706400000, 0x0000000706600000|  0%| F|  |TAMS 0x0000000706400000, 0x0000000706400000| Untracked 
|  51|0x0000000706600000, 0x0000000706600000, 0x0000000706800000|  0%| F|  |TAMS 0x0000000706600000, 0x0000000706600000| Untracked 
|  52|0x0000000706800000, 0x0000000706800000, 0x0000000706a00000|  0%| F|  |TAMS 0x0000000706800000, 0x0000000706800000| Untracked 
|  53|0x0000000706a00000, 0x0000000706a00000, 0x0000000706c00000|  0%| F|  |TAMS 0x0000000706a00000, 0x0000000706a00000| Untracked 
|  54|0x0000000706c00000, 0x0000000706c00000, 0x0000000706e00000|  0%| F|  |TAMS 0x0000000706c00000, 0x0000000706c00000| Untracked 
|  55|0x0000000706e00000, 0x0000000706e00000, 0x0000000707000000|  0%| F|  |TAMS 0x0000000706e00000, 0x0000000706e00000| Untracked 
|  56|0x0000000707000000, 0x0000000707000000, 0x0000000707200000|  0%| F|  |TAMS 0x0000000707000000, 0x0000000707000000| Untracked 
|  57|0x0000000707200000, 0x0000000707200000, 0x0000000707400000|  0%| F|  |TAMS 0x0000000707200000, 0x0000000707200000| Untracked 
|  58|0x0000000707400000, 0x0000000707400000, 0x0000000707600000|  0%| F|  |TAMS 0x0000000707400000, 0x0000000707400000| Untracked 
|  59|0x0000000707600000, 0x0000000707600000, 0x0000000707800000|  0%| F|  |TAMS 0x0000000707600000, 0x0000000707600000| Untracked 
|  60|0x0000000707800000, 0x0000000707800000, 0x0000000707a00000|  0%| F|  |TAMS 0x0000000707800000, 0x0000000707800000| Untracked 
|  61|0x0000000707a00000, 0x0000000707b48ce0, 0x0000000707c00000| 64%| S|CS|TAMS 0x0000000707a00000, 0x0000000707a00000| Complete 
|  62|0x0000000707c00000, 0x0000000707e00000, 0x0000000707e00000|100%| S|CS|TAMS 0x0000000707c00000, 0x0000000707c00000| Complete 
|  63|0x0000000707e00000, 0x0000000708000000, 0x0000000708000000|100%| S|CS|TAMS 0x0000000707e00000, 0x0000000707e00000| Complete 
|  64|0x0000000708000000, 0x0000000708200000, 0x0000000708200000|100%| S|CS|TAMS 0x0000000708000000, 0x0000000708000000| Complete 
|  65|0x0000000708200000, 0x0000000708200000, 0x0000000708400000|  0%| F|  |TAMS 0x0000000708200000, 0x0000000708200000| Untracked 
|  66|0x0000000708400000, 0x0000000708400000, 0x0000000708600000|  0%| F|  |TAMS 0x0000000708400000, 0x0000000708400000| Untracked 
|  67|0x0000000708600000, 0x0000000708600000, 0x0000000708800000|  0%| F|  |TAMS 0x0000000708600000, 0x0000000708600000| Untracked 
|  68|0x0000000708800000, 0x0000000708800000, 0x0000000708a00000|  0%| F|  |TAMS 0x0000000708800000, 0x0000000708800000| Untracked 
|  69|0x0000000708a00000, 0x0000000708a00000, 0x0000000708c00000|  0%| F|  |TAMS 0x0000000708a00000, 0x0000000708a00000| Untracked 
|  70|0x0000000708c00000, 0x0000000708c00000, 0x0000000708e00000|  0%| F|  |TAMS 0x0000000708c00000, 0x0000000708c00000| Untracked 
|  71|0x0000000708e00000, 0x0000000708e00000, 0x0000000709000000|  0%| F|  |TAMS 0x0000000708e00000, 0x0000000708e00000| Untracked 
|  72|0x0000000709000000, 0x0000000709000000, 0x0000000709200000|  0%| F|  |TAMS 0x0000000709000000, 0x0000000709000000| Untracked 
|  73|0x0000000709200000, 0x0000000709200000, 0x0000000709400000|  0%| F|  |TAMS 0x0000000709200000, 0x0000000709200000| Untracked 
|  74|0x0000000709400000, 0x0000000709400000, 0x0000000709600000|  0%| F|  |TAMS 0x0000000709400000, 0x0000000709400000| Untracked 
|  75|0x0000000709600000, 0x0000000709600000, 0x0000000709800000|  0%| F|  |TAMS 0x0000000709600000, 0x0000000709600000| Untracked 
|  76|0x0000000709800000, 0x0000000709800000, 0x0000000709a00000|  0%| F|  |TAMS 0x0000000709800000, 0x0000000709800000| Untracked 
|  77|0x0000000709a00000, 0x0000000709a00000, 0x0000000709c00000|  0%| F|  |TAMS 0x0000000709a00000, 0x0000000709a00000| Untracked 
|  78|0x0000000709c00000, 0x0000000709c00000, 0x0000000709e00000|  0%| F|  |TAMS 0x0000000709c00000, 0x0000000709c00000| Untracked 
|  79|0x0000000709e00000, 0x0000000709e00000, 0x000000070a000000|  0%| F|  |TAMS 0x0000000709e00000, 0x0000000709e00000| Untracked 
|  80|0x000000070a000000, 0x000000070a1a9400, 0x000000070a200000| 83%| E|  |TAMS 0x000000070a000000, 0x000000070a000000| Complete 
|  81|0x000000070a200000, 0x000000070a400000, 0x000000070a400000|100%| E|CS|TAMS 0x000000070a200000, 0x000000070a200000| Complete 
|  82|0x000000070a400000, 0x000000070a600000, 0x000000070a600000|100%| E|CS|TAMS 0x000000070a400000, 0x000000070a400000| Complete 
|  83|0x000000070a600000, 0x000000070a800000, 0x000000070a800000|100%| E|CS|TAMS 0x000000070a600000, 0x000000070a600000| Complete 
|  84|0x000000070a800000, 0x000000070aa00000, 0x000000070aa00000|100%| E|CS|TAMS 0x000000070a800000, 0x000000070a800000| Complete 
|  85|0x000000070aa00000, 0x000000070ac00000, 0x000000070ac00000|100%| E|CS|TAMS 0x000000070aa00000, 0x000000070aa00000| Complete 
|  86|0x000000070ac00000, 0x000000070ae00000, 0x000000070ae00000|100%| E|CS|TAMS 0x000000070ac00000, 0x000000070ac00000| Complete 
|  87|0x000000070ae00000, 0x000000070b000000, 0x000000070b000000|100%| E|CS|TAMS 0x000000070ae00000, 0x000000070ae00000| Complete 
|  88|0x000000070b000000, 0x000000070b200000, 0x000000070b200000|100%| E|CS|TAMS 0x000000070b000000, 0x000000070b000000| Complete 
|  89|0x000000070b200000, 0x000000070b400000, 0x000000070b400000|100%| E|CS|TAMS 0x000000070b200000, 0x000000070b200000| Complete 
|  96|0x000000070c000000, 0x000000070c200000, 0x000000070c200000|100%| E|CS|TAMS 0x000000070c000000, 0x000000070c000000| Complete 
|  97|0x000000070c200000, 0x000000070c400000, 0x000000070c400000|100%| E|CS|TAMS 0x000000070c200000, 0x000000070c200000| Complete 
|  98|0x000000070c400000, 0x000000070c600000, 0x000000070c600000|100%| E|CS|TAMS 0x000000070c400000, 0x000000070c400000| Complete 
|  99|0x000000070c600000, 0x000000070c800000, 0x000000070c800000|100%| E|CS|TAMS 0x000000070c600000, 0x000000070c600000| Complete 
| 100|0x000000070c800000, 0x000000070ca00000, 0x000000070ca00000|100%| E|CS|TAMS 0x000000070c800000, 0x000000070c800000| Complete 
| 127|0x000000070fe00000, 0x0000000710000000, 0x0000000710000000|100%| E|  |TAMS 0x000000070fe00000, 0x000000070fe00000| Complete 

Card table byte_map: [0x00000232dcfb0000,0x00000232dd7b0000] _byte_map_base: 0x00000232d97b0000

Marking Bits (Prev, Next): (CMBitMap*) 0x00000232ca34dab0, (CMBitMap*) 0x00000232ca34daf0
 Prev Bits: [0x00000232ddfb0000, 0x00000232e1fb0000)
 Next Bits: [0x00000232e1fb0000, 0x00000232e5fb0000)

Polling page: 0x00000232c9ab0000

Metaspace:

Usage:
  Non-class:     84.97 MB used.
      Class:     13.55 MB used.
       Both:     98.52 MB used.

Virtual space:
  Non-class space:       88.00 MB reserved,      85.38 MB ( 97%) committed,  11 nodes.
      Class space:        1.00 GB reserved,      13.88 MB (  1%) committed,  1 nodes.
             Both:        1.09 GB reserved,      99.25 MB (  9%) committed. 

Chunk freelists:
   Non-Class:  2.26 MB
       Class:  2.14 MB
        Both:  4.39 MB

MaxMetaspaceSize: unlimited
CompressedClassSpaceSize: 1.00 GB
Initial GC threshold: 21.00 MB
Current GC threshold: 150.12 MB
CDS: off
MetaspaceReclaimPolicy: balanced
 - commit_granule_bytes: 65536.
 - commit_granule_words: 8192.
 - virtual_space_node_default_size: 1048576.
 - enlarge_chunks_in_place: 1.
 - new_chunks_are_fully_committed: 0.
 - uncommit_free_chunks: 1.
 - use_allocation_guard: 0.
 - handle_deallocations: 1.


Internal statistics:

num_allocs_failed_limit: 9.
num_arena_births: 916.
num_arena_deaths: 0.
num_vsnodes_births: 12.
num_vsnodes_deaths: 0.
num_space_committed: 1588.
num_space_uncommitted: 0.
num_chunks_returned_to_freelist: 9.
num_chunks_taken_from_freelist: 4509.
num_chunk_merges: 6.
num_chunk_splits: 2983.
num_chunks_enlarged: 2026.
num_purges: 0.
num_inconsistent_stats: 0.

CodeHeap 'non-profiled nmethods': size=120000Kb used=6219Kb max_used=6219Kb free=113780Kb
 bounds [0x00000232d5280000, 0x00000232d58a0000, 0x00000232dc7b0000]
CodeHeap 'profiled nmethods': size=120000Kb used=18067Kb max_used=18067Kb free=101932Kb
 bounds [0x00000232cd7b0000, 0x00000232ce960000, 0x00000232d4ce0000]
CodeHeap 'non-nmethods': size=5760Kb used=2438Kb max_used=2585Kb free=3321Kb
 bounds [0x00000232d4ce0000, 0x00000232d4f80000, 0x00000232d5280000]
 total_blobs=10146 nmethods=9168 adapters=890
 compilation: enabled
              stopped_count=0, restarted_count=0
 full_count=0

Compilation events (20 events):
Event: 27.071 Thread 0x00000232e907bb40 nmethod 10588 0x00000232ce951990 code [0x00000232ce951b40, 0x00000232ce951cf8]
Event: 27.071 Thread 0x00000232e907bb40 10589       3       org.gradle.internal.io.LineBufferingOutputStream::endsWithLineSeparator (27 bytes)
Event: 27.071 Thread 0x00000232e907bb40 nmethod 10589 0x00000232ce951e10 code [0x00000232ce951fa0, 0x00000232ce952158]
Event: 27.077 Thread 0x00000232e907b240 nmethod 10583 0x00000232d5890690 code [0x00000232d5890880, 0x00000232d5891110]
Event: 27.077 Thread 0x00000232e907b240 10591       4       org.gradle.internal.logging.text.AbstractLineChoppingStyledTextOutput$StateContext::hasChar (25 bytes)
Event: 27.077 Thread 0x00000232e907b240 nmethod 10591 0x00000232d5891810 code [0x00000232d5891980, 0x00000232d5891a38]
Event: 27.077 Thread 0x00000232e907b240 10585       4       org.gradle.internal.logging.text.AbstractLineChoppingStyledTextOutput$2::execute (77 bytes)
Event: 27.083 Thread 0x00000232e907b240 nmethod 10585 0x00000232d5891b10 code [0x00000232d5891d00, 0x00000232d5892350]
Event: 27.083 Thread 0x00000232e907b240 10592       4       org.gradle.internal.logging.text.AbstractLineChoppingStyledTextOutput$StateContext::next (11 bytes)
Event: 27.083 Thread 0x00000232e907b240 nmethod 10592 0x00000232d5892890 code [0x00000232d5892a00, 0x00000232d5892a78]
Event: 27.085 Thread 0x00000232e907bb40 10593       3       com.esotericsoftware.kryo.io.Output::writeString (125 bytes)
Event: 27.085 Thread 0x00000232e907bb40 nmethod 10593 0x00000232ce952210 code [0x00000232ce952420, 0x00000232ce952a58]
Event: 27.100 Thread 0x00000232e907b240 10594       4       org.gradle.internal.io.StreamByteBuffer::allocateSpace (73 bytes)
Event: 27.101 Thread 0x00000232e907b240 nmethod 10594 0x00000232d5892b90 code [0x00000232d5892d00, 0x00000232d5892db8]
Event: 27.105 Thread 0x00000232e907bb40 10595   !   3       java.io.BufferedWriter::flushBuffer (53 bytes)
Event: 27.105 Thread 0x00000232e907bb40 nmethod 10595 0x00000232ce952c90 code [0x00000232ce952e80, 0x00000232ce953378]
Event: 27.105 Thread 0x00000232e907bb40 10596   !   3       java.io.BufferedWriter::write (117 bytes)
Event: 27.105 Thread 0x00000232e907bb40 nmethod 10596 0x00000232ce953590 code [0x00000232ce953780, 0x00000232ce953de8]
Event: 27.105 Thread 0x00000232e907bb40 10597       3       sun.nio.cs.StreamEncoder::implWrite (137 bytes)
Event: 27.106 Thread 0x00000232e907bb40 nmethod 10597 0x00000232ce954190 code [0x00000232ce9543c0, 0x00000232ce954c08]

GC Heap History (20 events):
Event: 19.787 GC heap before
{Heap before GC invocations=34 (full 0):
 garbage-first heap   total 122880K, used 94931K [0x0000000700000000, 0x0000000800000000)
  region size 2048K, 13 young (26624K), 1 survivors (2048K)
 Metaspace       used 81490K, committed 82048K, reserved 1122304K
  class space    used 10959K, committed 11200K, reserved 1048576K
}
Event: 19.791 GC heap after
{Heap after GC invocations=35 (full 0):
 garbage-first heap   total 122880K, used 72017K [0x0000000700000000, 0x0000000800000000)
  region size 2048K, 2 young (4096K), 2 survivors (4096K)
 Metaspace       used 81490K, committed 82048K, reserved 1122304K
  class space    used 10959K, committed 11200K, reserved 1048576K
}
Event: 20.274 GC heap before
{Heap before GC invocations=36 (full 0):
 garbage-first heap   total 126976K, used 94545K [0x0000000700000000, 0x0000000800000000)
  region size 2048K, 13 young (26624K), 2 survivors (4096K)
 Metaspace       used 83620K, committed 84224K, reserved 1122304K
  class space    used 11241K, committed 11520K, reserved 1048576K
}
Event: 20.276 GC heap after
{Heap after GC invocations=37 (full 0):
 garbage-first heap   total 126976K, used 72796K [0x0000000700000000, 0x0000000800000000)
  region size 2048K, 2 young (4096K), 2 survivors (4096K)
 Metaspace       used 83620K, committed 84224K, reserved 1122304K
  class space    used 11241K, committed 11520K, reserved 1048576K
}
Event: 20.334 GC heap before
{Heap before GC invocations=37 (full 0):
 garbage-first heap   total 126976K, used 74844K [0x0000000700000000, 0x0000000800000000)
  region size 2048K, 3 young (6144K), 2 survivors (4096K)
 Metaspace       used 83800K, committed 84416K, reserved 1122304K
  class space    used 11268K, committed 11584K, reserved 1048576K
}
Event: 20.339 GC heap after
{Heap after GC invocations=38 (full 0):
 garbage-first heap   total 126976K, used 70842K [0x0000000700000000, 0x0000000800000000)
  region size 2048K, 1 young (2048K), 1 survivors (2048K)
 Metaspace       used 83800K, committed 84416K, reserved 1122304K
  class space    used 11268K, committed 11584K, reserved 1048576K
}
Event: 20.713 GC heap before
{Heap before GC invocations=38 (full 0):
 garbage-first heap   total 126976K, used 97466K [0x0000000700000000, 0x0000000800000000)
  region size 2048K, 14 young (28672K), 1 survivors (2048K)
 Metaspace       used 84804K, committed 85440K, reserved 1130496K
  class space    used 11412K, committed 11712K, reserved 1048576K
}
Event: 20.718 GC heap after
{Heap after GC invocations=39 (full 0):
 garbage-first heap   total 126976K, used 73373K [0x0000000700000000, 0x0000000800000000)
  region size 2048K, 2 young (4096K), 2 survivors (4096K)
 Metaspace       used 84804K, committed 85440K, reserved 1130496K
  class space    used 11412K, committed 11712K, reserved 1048576K
}
Event: 20.918 GC heap before
{Heap before GC invocations=40 (full 0):
 garbage-first heap   total 137216K, used 99997K [0x0000000700000000, 0x0000000800000000)
  region size 2048K, 15 young (30720K), 2 survivors (4096K)
 Metaspace       used 85050K, committed 85696K, reserved 1130496K
  class space    used 11455K, committed 11776K, reserved 1048576K
}
Event: 20.922 GC heap after
{Heap after GC invocations=41 (full 0):
 garbage-first heap   total 137216K, used 74868K [0x0000000700000000, 0x0000000800000000)
  region size 2048K, 1 young (2048K), 1 survivors (2048K)
 Metaspace       used 85050K, committed 85696K, reserved 1130496K
  class space    used 11455K, committed 11776K, reserved 1048576K
}
Event: 21.143 GC heap before
{Heap before GC invocations=41 (full 0):
 garbage-first heap   total 137216K, used 109684K [0x0000000700000000, 0x0000000800000000)
  region size 2048K, 18 young (36864K), 1 survivors (2048K)
 Metaspace       used 85258K, committed 85888K, reserved 1130496K
  class space    used 11482K, committed 11776K, reserved 1048576K
}
Event: 21.146 GC heap after
{Heap after GC invocations=42 (full 0):
 garbage-first heap   total 137216K, used 76718K [0x0000000700000000, 0x0000000800000000)
  region size 2048K, 2 young (4096K), 2 survivors (4096K)
 Metaspace       used 85258K, committed 85888K, reserved 1130496K
  class space    used 11482K, committed 11776K, reserved 1048576K
}
Event: 21.699 GC heap before
{Heap before GC invocations=43 (full 0):
 garbage-first heap   total 143360K, used 111534K [0x0000000700000000, 0x0000000800000000)
  region size 2048K, 19 young (38912K), 2 survivors (4096K)
 Metaspace       used 87461K, committed 88128K, reserved 1130496K
  class space    used 11797K, committed 12096K, reserved 1048576K
}
Event: 21.704 GC heap after
{Heap after GC invocations=44 (full 0):
 garbage-first heap   total 143360K, used 80048K [0x0000000700000000, 0x0000000800000000)
  region size 2048K, 3 young (6144K), 3 survivors (6144K)
 Metaspace       used 87461K, committed 88128K, reserved 1130496K
  class space    used 11797K, committed 12096K, reserved 1048576K
}
Event: 22.356 GC heap before
{Heap before GC invocations=44 (full 0):
 garbage-first heap   total 143360K, used 116912K [0x0000000700000000, 0x0000000800000000)
  region size 2048K, 21 young (43008K), 3 survivors (6144K)
 Metaspace       used 91333K, committed 92032K, reserved 1130496K
  class space    used 12506K, committed 12864K, reserved 1048576K
}
Event: 22.363 GC heap after
{Heap after GC invocations=45 (full 0):
 garbage-first heap   total 196608K, used 82173K [0x0000000700000000, 0x0000000800000000)
  region size 2048K, 3 young (6144K), 3 survivors (6144K)
 Metaspace       used 91333K, committed 92032K, reserved 1130496K
  class space    used 12506K, committed 12864K, reserved 1048576K
}
Event: 23.808 GC heap before
{Heap before GC invocations=46 (full 0):
 garbage-first heap   total 196608K, used 157949K [0x0000000700000000, 0x0000000800000000)
  region size 2048K, 40 young (81920K), 3 survivors (6144K)
 Metaspace       used 96307K, committed 97024K, reserved 1138688K
  class space    used 13287K, committed 13632K, reserved 1048576K
}
Event: 23.817 GC heap after
{Heap after GC invocations=47 (full 0):
 garbage-first heap   total 196608K, used 89080K [0x0000000700000000, 0x0000000800000000)
  region size 2048K, 5 young (10240K), 5 survivors (10240K)
 Metaspace       used 96307K, committed 97024K, reserved 1138688K
  class space    used 13287K, committed 13632K, reserved 1048576K
}
Event: 24.675 GC heap before
{Heap before GC invocations=47 (full 0):
 garbage-first heap   total 196608K, used 150520K [0x0000000700000000, 0x0000000800000000)
  region size 2048K, 36 young (73728K), 5 survivors (10240K)
 Metaspace       used 100431K, committed 101184K, reserved 1138688K
  class space    used 13798K, committed 14144K, reserved 1048576K
}
Event: 24.690 GC heap after
{Heap after GC invocations=48 (full 0):
 garbage-first heap   total 196608K, used 96627K [0x0000000700000000, 0x0000000800000000)
  region size 2048K, 4 young (8192K), 4 survivors (8192K)
 Metaspace       used 100431K, committed 101184K, reserved 1138688K
  class space    used 13798K, committed 14144K, reserved 1048576K
}

Dll operation events (2 events):
Event: 0.009 Loaded shared library D:\Programmieren\Android Studio\jbr\bin\java.dll
Event: 0.595 Loaded shared library D:\Programmieren\Android Studio\jbr\bin\verify.dll

Deoptimization events (20 events):
Event: 25.025 Thread 0x00000232ecbd9170 Uncommon trap: trap_request=0xffffffc6 fr.pc=0x00000232d557e34c relative=0x00000000000007ec
Event: 25.025 Thread 0x00000232ecbd9170 Uncommon trap: reason=bimorphic_or_optimized_type_check action=maybe_recompile pc=0x00000232d557e34c method=java.util.stream.MatchOps$MatchOp.evaluateSequential(Ljava/util/stream/PipelineHelper;Ljava/util/Spliterator;)Ljava/lang/Boolean; @ 14 c2
Event: 25.025 Thread 0x00000232ecbd9170 DEOPT PACKING pc=0x00000232d557e34c sp=0x000000f6813fa100
Event: 25.025 Thread 0x00000232ecbd9170 DEOPT UNPACKING pc=0x00000232d4d369a3 sp=0x000000f6813fa038 mode 2
Event: 25.043 Thread 0x00000232ecbd9170 Uncommon trap: trap_request=0xffffff45 fr.pc=0x00000232d5840ac8 relative=0x0000000000000a28
Event: 25.043 Thread 0x00000232ecbd9170 Uncommon trap: reason=unstable_if action=reinterpret pc=0x00000232d5840ac8 method=org.gradle.internal.snapshot.VfsRelativePath.lengthOfCommonPrefix(Ljava/lang/String;Lorg/gradle/internal/snapshot/CaseSensitivity;)I @ 165 c2
Event: 25.043 Thread 0x00000232ecbd9170 DEOPT PACKING pc=0x00000232d5840ac8 sp=0x000000f6813fc0c0
Event: 25.043 Thread 0x00000232ecbd9170 DEOPT UNPACKING pc=0x00000232d4d369a3 sp=0x000000f6813fc050 mode 2
Event: 25.073 Thread 0x00000232ecbd9170 Uncommon trap: trap_request=0xffffffc6 fr.pc=0x00000232d557e34c relative=0x00000000000007ec
Event: 25.073 Thread 0x00000232ecbd9170 Uncommon trap: reason=bimorphic_or_optimized_type_check action=maybe_recompile pc=0x00000232d557e34c method=java.util.stream.MatchOps$MatchOp.evaluateSequential(Ljava/util/stream/PipelineHelper;Ljava/util/Spliterator;)Ljava/lang/Boolean; @ 14 c2
Event: 25.073 Thread 0x00000232ecbd9170 DEOPT PACKING pc=0x00000232d557e34c sp=0x000000f6813f9e00
Event: 25.074 Thread 0x00000232ecbd9170 DEOPT UNPACKING pc=0x00000232d4d369a3 sp=0x000000f6813f9d38 mode 2
Event: 25.080 Thread 0x00000232ecbd9170 Uncommon trap: trap_request=0xffffffc6 fr.pc=0x00000232d557e34c relative=0x00000000000007ec
Event: 25.080 Thread 0x00000232ecbd9170 Uncommon trap: reason=bimorphic_or_optimized_type_check action=maybe_recompile pc=0x00000232d557e34c method=java.util.stream.MatchOps$MatchOp.evaluateSequential(Ljava/util/stream/PipelineHelper;Ljava/util/Spliterator;)Ljava/lang/Boolean; @ 14 c2
Event: 25.081 Thread 0x00000232ecbd9170 DEOPT PACKING pc=0x00000232d557e34c sp=0x000000f6813f9e20
Event: 25.082 Thread 0x00000232ecbd9170 DEOPT UNPACKING pc=0x00000232d4d369a3 sp=0x000000f6813f9d58 mode 2
Event: 27.085 Thread 0x00000232ea93ed40 Uncommon trap: trap_request=0xffffff45 fr.pc=0x00000232d54397d4 relative=0x0000000000000214
Event: 27.085 Thread 0x00000232ea93ed40 Uncommon trap: reason=unstable_if action=reinterpret pc=0x00000232d54397d4 method=com.esotericsoftware.kryo.io.Output.writeString(Ljava/lang/CharSequence;)V @ 83 c2
Event: 27.085 Thread 0x00000232ea93ed40 DEOPT PACKING pc=0x00000232d54397d4 sp=0x000000f6ffbfe930
Event: 27.085 Thread 0x00000232ea93ed40 DEOPT UNPACKING pc=0x00000232d4d369a3 sp=0x000000f6ffbfe8b0 mode 2

Classes unloaded (0 events):
No events

Classes redefined (0 events):
No events

Internal exceptions (20 events):
Event: 25.125 Thread 0x00000232ecbd9170 Exception <a 'java/lang/ClassNotFoundException'{0x000000070a2d8798}: org/gradle/process/internal/DefaultExecAction_DecoratedBeanInfo> (0x000000070a2d8798) 
thrown [s\src\hotspot\share\classfile\systemDictionary.cpp, line 256]
Event: 25.127 Thread 0x00000232ecbd9170 Exception <a 'java/lang/ClassNotFoundException'{0x000000070a2ea588}: org/gradle/process/internal/DefaultExecActionBeanInfo> (0x000000070a2ea588) 
thrown [s\src\hotspot\share\classfile\systemDictionary.cpp, line 256]
Event: 25.128 Thread 0x00000232ecbd9170 Exception <a 'java/lang/ClassNotFoundException'{0x000000070a2fc7f0}: org/gradle/process/internal/DefaultExecHandleBuilderBeanInfo> (0x000000070a2fc7f0) 
thrown [s\src\hotspot\share\classfile\systemDictionary.cpp, line 256]
Event: 25.130 Thread 0x00000232ecbd9170 Exception <a 'java/lang/ClassNotFoundException'{0x000000070a30f208}: org/gradle/process/internal/AbstractExecHandleBuilderBeanInfo> (0x000000070a30f208) 
thrown [s\src\hotspot\share\classfile\systemDictionary.cpp, line 256]
Event: 25.131 Thread 0x00000232ecbd9170 Exception <a 'java/lang/ClassNotFoundException'{0x000000070a3226a8}: org/gradle/process/internal/DefaultProcessForkOptionsBeanInfo> (0x000000070a3226a8) 
thrown [s\src\hotspot\share\classfile\systemDictionary.cpp, line 256]
Event: 25.132 Thread 0x00000232ecbd9170 Exception <a 'java/lang/ClassNotFoundException'{0x000000070a3356e8}: org/gradle/process/internal/DefaultProcessForkOptionsCustomizer> (0x000000070a3356e8) 
thrown [s\src\hotspot\share\classfile\systemDictionary.cpp, line 256]
Event: 25.132 Thread 0x00000232ecbd9170 Exception <a 'java/lang/ClassNotFoundException'{0x000000070a3557d8}: org/gradle/process/internal/AbstractExecHandleBuilderCustomizer> (0x000000070a3557d8) 
thrown [s\src\hotspot\share\classfile\systemDictionary.cpp, line 256]
Event: 25.133 Thread 0x00000232ecbd9170 Exception <a 'java/lang/ClassNotFoundException'{0x000000070a37a1e8}: org/gradle/process/internal/DefaultExecHandleBuilderCustomizer> (0x000000070a37a1e8) 
thrown [s\src\hotspot\share\classfile\systemDictionary.cpp, line 256]
Event: 25.137 Thread 0x00000232ecbd9170 Exception <a 'java/lang/ClassNotFoundException'{0x000000070a3ba930}: org/gradle/process/internal/DefaultExecActionCustomizer> (0x000000070a3ba930) 
thrown [s\src\hotspot\share\classfile\systemDictionary.cpp, line 256]
Event: 25.138 Thread 0x00000232ecbd9170 Exception <a 'java/lang/ClassNotFoundException'{0x000000070a3d6c20}: org/gradle/process/internal/DefaultExecAction_DecoratedCustomizer> (0x000000070a3d6c20) 
thrown [s\src\hotspot\share\classfile\systemDictionary.cpp, line 256]
Event: 25.139 Thread 0x00000232ecbd9170 Exception <a 'java/lang/ClassNotFoundException'{0x000000070a010bc0}: org/gradle/api/logging/LogLevelBeanInfo> (0x000000070a010bc0) 
thrown [s\src\hotspot\share\classfile\systemDictionary.cpp, line 256]
Event: 25.140 Thread 0x00000232ecbd9170 Exception <a 'java/lang/ClassNotFoundException'{0x000000070a022578}: org/gradle/api/logging/LogLevelCustomizer> (0x000000070a022578) 
thrown [s\src\hotspot\share\classfile\systemDictionary.cpp, line 256]
Event: 25.143 Thread 0x00000232ecbd9170 Exception <a 'java/lang/ClassNotFoundException'{0x000000070a06a578}: org/gradle/internal/logging/services/DefaultLoggingManagerBeanInfo> (0x000000070a06a578) 
thrown [s\src\hotspot\share\classfile\systemDictionary.cpp, line 256]
Event: 25.143 Thread 0x00000232ecbd9170 Exception <a 'java/lang/ClassNotFoundException'{0x000000070a07c880}: org/gradle/internal/logging/services/DefaultLoggingManagerCustomizer> (0x000000070a07c880) 
thrown [s\src\hotspot\share\classfile\systemDictionary.cpp, line 256]
Event: 25.150 Thread 0x00000232ecbd9170 Exception <a 'java/lang/ClassNotFoundException'{0x000000070a0ae9e0}: java/lang/BooleanBeanInfo> (0x000000070a0ae9e0) 
thrown [s\src\hotspot\share\classfile\systemDictionary.cpp, line 256]
Event: 25.164 Thread 0x00000232ecbd9170 Exception <a 'java/lang/ClassNotFoundException'{0x000000070a0b5400}: java/lang/BooleanCustomizer> (0x000000070a0b5400) 
thrown [s\src\hotspot\share\classfile\systemDictionary.cpp, line 256]
Event: 25.189 Thread 0x00000232ec459400 Exception <a 'java/lang/NoSuchMethodError'{0x000000070a1237c0}: 'void java.lang.invoke.DirectMethodHandle$Holder.invokeStatic(java.lang.Object, long)'> (0x000000070a1237c0) 
thrown [s\src\hotspot\share\interpreter\linkResolver.cpp, line 771]
Event: 25.190 Thread 0x00000232ec459400 Exception <a 'java/lang/NoSuchMethodError'{0x000000070a128a30}: 'java.lang.Object java.lang.invoke.DirectMethodHandle$Holder.newInvokeSpecial(java.lang.Object, long)'> (0x000000070a128a30) 
thrown [s\src\hotspot\share\interpreter\linkResolver.cpp, line 771]
Event: 25.194 Thread 0x00000232ec459400 Exception <a 'java/lang/NoSuchMethodError'{0x000000070a12f4d0}: 'java.lang.Object java.lang.invoke.DirectMethodHandle$Holder.invokeStatic(java.lang.Object, java.lang.Object, long, java.lang.Object)'> (0x000000070a12f4d0) 
thrown [s\src\hotspot\share\interpreter\linkResolver.cpp, line 771]
Event: 25.195 Thread 0x00000232ec459400 Exception <a 'java/lang/NoSuchMethodError'{0x000000070a132f20}: 'java.lang.Object java.lang.invoke.DirectMethodHandle$Holder.invokeStaticInit(java.lang.Object, java.lang.Object, long, java.lang.Object)'> (0x000000070a132f20) 
thrown [s\src\hotspot\share\interpreter\linkResolver.cpp, line 771]

VM Operations (20 events):
Event: 24.378 Executing VM operation: ICBufferFull
Event: 24.378 Executing VM operation: ICBufferFull done
Event: 24.436 Executing VM operation: HandshakeAllThreads
Event: 24.436 Executing VM operation: HandshakeAllThreads done
Event: 24.579 Executing VM operation: ICBufferFull
Event: 24.579 Executing VM operation: ICBufferFull done
Event: 24.581 Executing VM operation: HandshakeAllThreads
Event: 24.581 Executing VM operation: HandshakeAllThreads done
Event: 24.675 Executing VM operation: G1CollectForAllocation
Event: 24.691 Executing VM operation: G1CollectForAllocation done
Event: 25.055 Executing VM operation: HandshakeAllThreads
Event: 25.056 Executing VM operation: HandshakeAllThreads done
Event: 25.058 Executing VM operation: HandshakeAllThreads
Event: 25.058 Executing VM operation: HandshakeAllThreads done
Event: 25.197 Executing VM operation: HandshakeAllThreads
Event: 25.197 Executing VM operation: HandshakeAllThreads done
Event: 26.210 Executing VM operation: Cleanup
Event: 26.210 Executing VM operation: Cleanup done
Event: 27.068 Executing VM operation: HandshakeAllThreads
Event: 27.068 Executing VM operation: HandshakeAllThreads done

Events (20 events):
Event: 25.150 loading class java/lang/BooleanBeanInfo done
Event: 25.151 loading class java/lang/BooleanCustomizer
Event: 25.151 loading class java/lang/BooleanCustomizer done
Event: 25.164 loading class java/lang/BooleanCustomizer
Event: 25.164 loading class java/lang/BooleanCustomizer done
Event: 25.174 Thread 0x00000232ec459400 Thread added: 0x00000232ec459400
Event: 25.178 loading class java/lang/ProcessImpl
Event: 25.179 loading class java/lang/ProcessImpl done
Event: 25.190 loading class java/lang/ProcessHandleImpl
Event: 25.193 loading class java/lang/ProcessHandleImpl done
Event: 25.196 loading class java/lang/ProcessImpl$2
Event: 25.196 loading class java/lang/ProcessImpl$2 done
Event: 25.196 loading class java/lang/Process$PipeInputStream
Event: 25.196 loading class java/lang/Process$PipeInputStream done
Event: 25.197 loading class jdk/internal/event/ProcessStartEvent
Event: 25.198 loading class jdk/internal/event/ProcessStartEvent done
Event: 25.198 Thread 0x00000232f4188a50 Thread added: 0x00000232f4188a50
Event: 25.198 Thread 0x00000232f41868a0 Thread added: 0x00000232f41868a0
Event: 25.762 Thread 0x00000232ecc2a6d0 Thread exited: 0x00000232ecc2a6d0
Event: 27.070 Thread 0x00000232ecc2a6d0 Thread added: 0x00000232ecc2a6d0


Dynamic libraries:
0x00007ff608860000 - 0x00007ff60886a000 	D:\Programmieren\Android Studio\jbr\bin\java.exe
0x00007ffbc5170000 - 0x00007ffbc5368000 	C:\WINDOWS\SYSTEM32\ntdll.dll
0x00007ffbc4070000 - 0x00007ffbc412d000 	C:\WINDOWS\System32\KERNEL32.DLL
0x00007ffbc2850000 - 0x00007ffbc2b46000 	C:\WINDOWS\System32\KERNELBASE.dll
0x00007ffbc2f40000 - 0x00007ffbc3040000 	C:\WINDOWS\System32\ucrtbase.dll
0x00007ffba46c0000 - 0x00007ffba46d7000 	D:\Programmieren\Android Studio\jbr\bin\jli.dll
0x00007ffbc4f90000 - 0x00007ffbc512e000 	C:\WINDOWS\System32\USER32.dll
0x00007ffbc2f10000 - 0x00007ffbc2f32000 	C:\WINDOWS\System32\win32u.dll
0x00007ffbc4c70000 - 0x00007ffbc4c9c000 	C:\WINDOWS\System32\GDI32.dll
0x00007ffbc2d30000 - 0x00007ffbc2e4a000 	C:\WINDOWS\System32\gdi32full.dll
0x00007ffbc2c00000 - 0x00007ffbc2c9d000 	C:\WINDOWS\System32\msvcp_win.dll
0x00007ffb958c0000 - 0x00007ffb958db000 	D:\Programmieren\Android Studio\jbr\bin\VCRUNTIME140.dll
0x00007ffbc1c00000 - 0x00007ffbc1e9a000 	C:\WINDOWS\WinSxS\amd64_microsoft.windows.common-controls_6595b64144ccf1df_6.0.19041.3636_none_60b6a03d71f818d5\COMCTL32.dll
0x00007ffbc3ed0000 - 0x00007ffbc3f6e000 	C:\WINDOWS\System32\msvcrt.dll
0x00007ffbc3630000 - 0x00007ffbc3660000 	C:\WINDOWS\System32\IMM32.DLL
0x00007ffba4380000 - 0x00007ffba438c000 	D:\Programmieren\Android Studio\jbr\bin\vcruntime140_1.dll
0x00007ffb88550000 - 0x00007ffb885dd000 	D:\Programmieren\Android Studio\jbr\bin\msvcp140.dll
0x00007ffb861b0000 - 0x00007ffb86e1e000 	D:\Programmieren\Android Studio\jbr\bin\server\jvm.dll
0x00007ffbc4d70000 - 0x00007ffbc4e1f000 	C:\WINDOWS\System32\ADVAPI32.dll
0x00007ffbc49b0000 - 0x00007ffbc4a4c000 	C:\WINDOWS\System32\sechost.dll
0x00007ffbc3300000 - 0x00007ffbc3426000 	C:\WINDOWS\System32\RPCRT4.dll
0x00007ffbbfb10000 - 0x00007ffbbfb19000 	C:\WINDOWS\SYSTEM32\WSOCK32.dll
0x00007ffbc3fa0000 - 0x00007ffbc400b000 	C:\WINDOWS\System32\WS2_32.dll
0x00007ffbbaac0000 - 0x00007ffbbaae7000 	C:\WINDOWS\SYSTEM32\WINMM.dll
0x00007ffbbc0c0000 - 0x00007ffbbc0ca000 	C:\WINDOWS\SYSTEM32\VERSION.dll
0x00007ffbc00c0000 - 0x00007ffbc00d2000 	C:\WINDOWS\SYSTEM32\kernel.appcore.dll
0x00007ffbbdf80000 - 0x00007ffbbdf8a000 	D:\Programmieren\Android Studio\jbr\bin\jimage.dll
0x00007ffbc20c0000 - 0x00007ffbc22a4000 	C:\WINDOWS\SYSTEM32\DBGHELP.DLL
0x00007ffbc1fe0000 - 0x00007ffbc2014000 	C:\WINDOWS\SYSTEM32\dbgcore.DLL
0x00007ffbc2ca0000 - 0x00007ffbc2d22000 	C:\WINDOWS\System32\bcryptPrimitives.dll
0x00007ffbb4e40000 - 0x00007ffbb4e65000 	D:\Programmieren\Android Studio\jbr\bin\java.dll
0x00007ffbaf530000 - 0x00007ffbaf548000 	D:\Programmieren\Android Studio\jbr\bin\zip.dll
0x00007ffbc3780000 - 0x00007ffbc3ec4000 	C:\WINDOWS\System32\SHELL32.dll
0x00007ffbc02c0000 - 0x00007ffbc0a5b000 	C:\WINDOWS\SYSTEM32\windows.storage.dll
0x00007ffbc4650000 - 0x00007ffbc49a4000 	C:\WINDOWS\System32\combase.dll
0x00007ffbc1b90000 - 0x00007ffbc1bbd000 	C:\WINDOWS\SYSTEM32\Wldp.dll
0x00007ffbc36d0000 - 0x00007ffbc377d000 	C:\WINDOWS\System32\SHCORE.dll
0x00007ffbc3430000 - 0x00007ffbc3485000 	C:\WINDOWS\System32\shlwapi.dll
0x00007ffbc2780000 - 0x00007ffbc27a5000 	C:\WINDOWS\SYSTEM32\profapi.dll
0x00007ffba5fb0000 - 0x00007ffba5fc9000 	D:\Programmieren\Android Studio\jbr\bin\net.dll
0x00007ffbbcaf0000 - 0x00007ffbbcbfa000 	C:\WINDOWS\SYSTEM32\WINHTTP.dll
0x00007ffbc1a20000 - 0x00007ffbc1a8a000 	C:\WINDOWS\system32\mswsock.dll
0x00007ffba5f40000 - 0x00007ffba5f56000 	D:\Programmieren\Android Studio\jbr\bin\nio.dll
0x00007ffbbde20000 - 0x00007ffbbde30000 	D:\Programmieren\Android Studio\jbr\bin\verify.dll
0x00007ffb94a60000 - 0x00007ffb94a87000 	C:\Users\Thomas Werner\.gradle\native\e1d6ef7f7dcc3fd88c89a11ec53ec762bb8ba0a96d01ffa2cd45eb1d1d8dd5c5\windows-amd64\native-platform.dll
0x00007ffb80960000 - 0x00007ffb80aa4000 	C:\Users\Thomas Werner\.gradle\native\0d407fdbe67a94daf76414ababcb853783967236a71b16ec16e742cd7a986fd3\windows-amd64\native-platform-file-events.dll
0x00007ffbbd210000 - 0x00007ffbbd219000 	D:\Programmieren\Android Studio\jbr\bin\management.dll
0x00007ffbb90d0000 - 0x00007ffbb90db000 	D:\Programmieren\Android Studio\jbr\bin\management_ext.dll
0x00007ffbc36c0000 - 0x00007ffbc36c8000 	C:\WINDOWS\System32\PSAPI.DLL
0x00007ffbc25c0000 - 0x00007ffbc25d8000 	C:\WINDOWS\SYSTEM32\CRYPTSP.dll
0x00007ffbc1210000 - 0x00007ffbc1244000 	C:\WINDOWS\system32\rsaenh.dll
0x00007ffbc31a0000 - 0x00007ffbc31c7000 	C:\WINDOWS\System32\bcrypt.dll
0x00007ffbc2740000 - 0x00007ffbc276e000 	C:\WINDOWS\SYSTEM32\USERENV.dll
0x00007ffbc19c0000 - 0x00007ffbc19cc000 	C:\WINDOWS\SYSTEM32\CRYPTBASE.dll
0x00007ffbc15d0000 - 0x00007ffbc160b000 	C:\WINDOWS\SYSTEM32\IPHLPAPI.DLL
0x00007ffbc4c60000 - 0x00007ffbc4c68000 	C:\WINDOWS\System32\NSI.dll
0x00007ffbbc430000 - 0x00007ffbbc447000 	C:\WINDOWS\SYSTEM32\dhcpcsvc6.DLL
0x00007ffbbc500000 - 0x00007ffbbc51d000 	C:\WINDOWS\SYSTEM32\dhcpcsvc.DLL
0x00007ffbc1610000 - 0x00007ffbc16da000 	C:\WINDOWS\SYSTEM32\DNSAPI.dll
0x00007ffbb5a60000 - 0x00007ffbb5a67000 	C:\WINDOWS\system32\wshunix.dll
0x00007ffbadfe0000 - 0x00007ffbadfea000 	C:\Windows\System32\rasadhlp.dll
0x00007ffbae650000 - 0x00007ffbae6d0000 	C:\WINDOWS\System32\fwpuclnt.dll

dbghelp: loaded successfully - version: 4.0.5 - missing functions: none
symbol engine: initialized successfully - sym options: 0x614 - pdb path: .;D:\Programmieren\Android Studio\jbr\bin;C:\WINDOWS\SYSTEM32;C:\WINDOWS\WinSxS\amd64_microsoft.windows.common-controls_6595b64144ccf1df_6.0.19041.3636_none_60b6a03d71f818d5;D:\Programmieren\Android Studio\jbr\bin\server;C:\Users\Thomas Werner\.gradle\native\e1d6ef7f7dcc3fd88c89a11ec53ec762bb8ba0a96d01ffa2cd45eb1d1d8dd5c5\windows-amd64;C:\Users\Thomas Werner\.gradle\native\0d407fdbe67a94daf76414ababcb853783967236a71b16ec16e742cd7a986fd3\windows-amd64

VM Arguments:
jvm_args: --add-opens=java.base/java.util=ALL-UNNAMED --add-opens=java.base/java.lang=ALL-UNNAMED --add-opens=java.base/java.lang.invoke=ALL-UNNAMED --add-opens=java.base/java.util=ALL-UNNAMED --add-opens=java.prefs/java.util.prefs=ALL-UNNAMED --add-opens=java.prefs/java.util.prefs=ALL-UNNAMED --add-opens=java.base/java.nio.charset=ALL-UNNAMED --add-opens=java.base/java.net=ALL-UNNAMED --add-opens=java.base/java.util.concurrent.atomic=ALL-UNNAMED -Xmx4G -Dfile.encoding=windows-1252 -Duser.country=DE -Duser.language=de -Duser.variant 
java_command: org.gradle.launcher.daemon.bootstrap.GradleDaemon 7.5
java_class_path (initial): C:\Users\Thomas Werner\.gradle\wrapper\dists\gradle-7.5-all\6qsw290k5lz422uaf8jf6m7co\gradle-7.5\lib\gradle-launcher-7.5.jar
Launcher Type: SUN_STANDARD

[Global flags]
     intx CICompilerCount                          = 3                                         {product} {ergonomic}
     uint ConcGCThreads                            = 1                                         {product} {ergonomic}
     uint G1ConcRefinementThreads                  = 4                                         {product} {ergonomic}
   size_t G1HeapRegionSize                         = 2097152                                   {product} {ergonomic}
    uintx GCDrainStackTargetSize                   = 64                                        {product} {ergonomic}
   size_t InitialHeapSize                          = 268435456                                 {product} {ergonomic}
   size_t MarkStackSize                            = 4194304                                   {product} {ergonomic}
   size_t MaxHeapSize                              = 4294967296                                {product} {command line}
   size_t MaxNewSize                               = 2575302656                                {product} {ergonomic}
   size_t MinHeapDeltaBytes                        = 2097152                                   {product} {ergonomic}
   size_t MinHeapSize                              = 8388608                                   {product} {ergonomic}
    uintx NonNMethodCodeHeapSize                   = 5832780                                {pd product} {ergonomic}
    uintx NonProfiledCodeHeapSize                  = 122912730                              {pd product} {ergonomic}
    uintx ProfiledCodeHeapSize                     = 122912730                              {pd product} {ergonomic}
    uintx ReservedCodeCacheSize                    = 251658240                              {pd product} {ergonomic}
     bool SegmentedCodeCache                       = true                                      {product} {ergonomic}
   size_t SoftMaxHeapSize                          = 4294967296                             {manageable} {ergonomic}
     bool UseCompressedClassPointers               = true                           {product lp64_product} {ergonomic}
     bool UseCompressedOops                        = true                           {product lp64_product} {ergonomic}
     bool UseG1GC                                  = true                                      {product} {ergonomic}
     bool UseLargePagesIndividualAllocation        = false                                  {pd product} {ergonomic}

Logging:
Log output configuration:
 #0: stdout all=warning uptime,level,tags
 #1: stderr all=off uptime,level,tags

Environment Variables:
JAVA_HOME=D:\Programmieren\Android Studio\jbr
CLASSPATH=D:\Programmieren\weatherlight_db_update\android\\gradle\wrapper\gradle-wrapper.jar
PATH=D:\Programmieren\Android Studio\jbr\bin;C:\Program Files\Common Files\Oracle\Java\javapath;C:\WINDOWS\system32;C:\WINDOWS;C:\WINDOWS\System32\Wbem;C:\WINDOWS\System32\WindowsPowerShell\v1.0\;C:\Program Files (x86)\ATI Technologies\ATI.ACE\Core-Static;C:\Program Files (x86)\AMD\ATI.ACE\Core-Static;D:\Spiele\Steam;C:\Program Files (x86)\NVIDIA Corporation\PhysX\Common;C:\WINDOWS\System32\OpenSSH\;C:\Program Files\NVIDIA Corporation\NVIDIA NvDLISR;C:\Program Files\nodejs\;C:\src\Android\AndroidSDK\platform-tools;C:\WINDOWS\system32;C:\WINDOWS;C:\WINDOWS\System32\Wbem;C:\WINDOWS\System32\WindowsPowerShell\v1.0\;C:\WINDOWS\System32\OpenSSH\;C:\Program Files\Git\cmd;C:\Program Files\dotnet\;C:\Users\Thomas Werner\AppData\Local\Microsoft\WindowsApps;C:\Users\Thomas Werner\AppData\Roaming\npm;C:\Program Files\CodeBlocks\MinGW\bin;C:\Users\Thomas Werner\AppData\Local\Programs\Microsoft VS Code\bin;D:\Programmieren\flutter_tools\dart-sdk;D:\Programmieren\flutter_tools\flutter\bin;D:\Programmieren\cpp\compler\ucrt64\bin;;D:\Programmieren\IntelliJ IDEA 2024.1.4\bin;;D:\Programmieren\IntelliJ IDEA Community Edition 2024.1.4\bin;;C:\Users\Thomas Werner\.dotnet\tools;D:\Programmieren\flutter_tools\flutter\bin\mingit\cmd
USERNAME=Thomas Werner
OS=Windows_NT
PROCESSOR_IDENTIFIER=Intel64 Family 6 Model 94 Stepping 3, GenuineIntel
TMP=C:\Users\THOMAS~1\AppData\Local\Temp
TEMP=C:\Users\THOMAS~1\AppData\Local\Temp


JNI global refs:
JNI global refs: 25, weak refs: 0

JNI global refs memory usage: 843, weak refs: 841


---------------  S Y S T E M  ---------------

OS:
 Windows 10 , 64 bit Build 19041 (10.0.19041.3636)
OS uptime: 6 days 23:11 hours

CPU: total 4 (initial active 4) (4 cores per cpu, 1 threads per core) family 6 model 94 stepping 3 microcode 0xcc, cx8, cmov, fxsr, mmx, 3dnowpref, sse, sse2, sse3, ssse3, sse4.1, sse4.2, popcnt, lzcnt, tsc, tscinvbit, avx, avx2, aes, erms, clmul, bmi1, bmi2, rtm, adx, fma, vzeroupper, clflush, clflushopt

Memory: 4k page, system-wide physical 16314M (3895M free)
TotalPageFile size 24040M (AvailPageFile size 2M)
current process WorkingSet (physical memory assigned to process): 428M, peak: 465M
current process commit charge ("private bytes"): 462M, peak: 493M

vm_info: OpenJDK 64-Bit Server VM (17.0.6+0-b2043.56-10027231) for windows-amd64 JRE (17.0.6+0-b2043.56-10027231), built on Apr 28 2023 00:43:19 by "androidbuild" with MS VC++ 16.10 / 16.11 (VS2019)

END.
